<html>
<body>
<pre>
<h1>µVision Build Log</h1>
<h2>Tool Versions:</h2>
IDE-Version: µVision V5.28.0.0
Copyright (C) 2019 ARM Ltd and ARM Germany GmbH. All rights reserved.
License Information: Timothy Roche, Rowan University, LIC=----
 
Tool Versions:
Toolchain:       MDK-Lite  Version: 5.28.0.0
Toolchain Path:  C:\Keil_v5\ARM\ARMCC\Bin
C Compiler:      Armcc.exe V5.06 update 6 (build 750)
Assembler:       Armasm.exe V5.06 update 6 (build 750)
Linker/Locator:  ArmLink.exe V5.06 update 6 (build 750)
Library Manager: ArmAr.exe V5.06 update 6 (build 750)
Hex Converter:   FromElf.exe V5.06 update 6 (build 750)
CPU DLL:         SARMCM3.DLL V5.28.0.0
Dialog DLL:      DCM.DLL V1.17.3.0
Target DLL:      CMSIS_AGDI.dll V1.31.18.0
Dialog DLL:      TCM.DLL V1.36.2.0
 
<h2>Project:</h2>
C:\Users\TimRo\Documents\Github\embedded\Lab_3\assembly.uvprojx
Project File Date:  09/18/2019

<h2>Output:</h2>
*** Using Compiler 'V5.06 update 6 (build 750)', folder: 'C:\Keil_v5\ARM\ARMCC\Bin'
Build target 'Target 1'
assembling asm_main.s...
asm_main.s(39): warning: A1865W: '#' not seen before constant expression
asm_main.s(44): warning: A1865W: '#' not seen before constant expression
asm_main.s(49): warning: A1865W: '#' not seen before constant expression
asm_main.s(54): warning: A1865W: '#' not seen before constant expression
asm_main.s(60): warning: A1865W: '#' not seen before constant expression
asm_main.s(65): warning: A1865W: '#' not seen before constant expression
asm_main.s(70): warning: A1865W: '#' not seen before constant expression
asm_main.s(76): warning: A1865W: '#' not seen before constant expression
asm_main.s(81): warning: A1865W: '#' not seen before constant expression
asm_main.s(86): warning: A1865W: '#' not seen before constant expression
asm_main.s(91): warning: A1865W: '#' not seen before constant expression
asm_main.s(97): warning: A1865W: '#' not seen before constant expression
asm_main.s(102): warning: A1865W: '#' not seen before constant expression
asm_main.s(107): warning: A1865W: '#' not seen before constant expression
asm_main.s(112): warning: A1865W: '#' not seen before constant expression
asm_main.s(134): warning: A1865W: '#' not seen before constant expression
asm_main.s(135): warning: A1865W: '#' not seen before constant expression
asm_main.s(146): warning: A1865W: '#' not seen before constant expression
asm_main.s(157): warning: A1865W: '#' not seen before constant expression
asm_main.s(171): warning: A1865W: '#' not seen before constant expression
asm_main.s(209): warning: A1865W: '#' not seen before constant expression
linking...
Program Size: Code=816 RO-data=340 RW-data=0 ZI-data=608  
".\Objects\assembly.axf" - 0 Error(s), 21 Warning(s).

<h2>Software Packages used:</h2>

Package Vendor: ARM
                http://www.keil.com/pack/ARM.CMSIS.5.6.0.pack
                ARM.CMSIS.5.6.0
                CMSIS (Cortex Microcontroller Software Interface Standard)
   * Component: CORE Version: 5.3.0

Package Vendor: TexasInstruments
                http://software-dl.ti.com/msp430/msp430_public_sw/mcu/msp430/msp432cmsis/latest/exports/TexasInstruments.MSP432P4xx_DFP.3.2.6.pack
                TexasInstruments.MSP432P4xx_DFP.3.2.6
                Device Family Pack for Texas Instruments SimpleLink(TM) MSP432 Series
   * Component: Startup Version: 3.2.2

<h2>Collection of Component include folders:</h2>
  .\RTE\_Target_1
  C:\Users\TimRo\AppData\Local\Arm\Packs\ARM\CMSIS\5.6.0\CMSIS\Core\Include
  C:\Users\TimRo\AppData\Local\Arm\Packs\TexasInstruments\MSP432P4xx_DFP\3.2.6\Device\Include

<h2>Collection of Component Files used:</h2>

   * Component: ARM::CMSIS:CORE:5.3.0

   * Component: TexasInstruments::Device:Startup:3.2.2
      Source file:   Examples\EmptyMain\main.c
      Source file:   Device\Source\startup_msp432p401r_uvision.s
      Source file:   Examples\BlinkLED\blinkLED.c
      Include file:  Device\Include\msp_compatibility.h
      Source file:   Device\Source\system_msp432p401r.c
Build Time Elapsed:  00:00:00
</pre>
</body>
</html>
